<?xml version="1.0" encoding="UTF-8"?>
<testsuites name="jest tests" tests="2" failures="0" errors="0" time="1.019">
  <testsuite name="App Component" errors="0" failures="0" skipped="0" timestamp="2026-05-21T07:21:55" time="0.461" tests="2">
    <testcase classname="App Component App component should be defined" name="App Component App component should be defined" time="0.001">
    </testcase>
    <testcase classname="App Component renders without crashing" name="App Component renders without crashing" time="0.043">
    </testcase>
  </testsuite>
</testsuites>